// Jest Snapshot v1, https://goo.gl/fbAQLP

exports[`loads the svg html when loading is activated 1`] = `
<button
  class="bg-gradient-to-r from-green-500 to-blue-600 text-white font-bold text-lg py-3 px-6  rounded-xl hover:from-pink-600 hover:to-yellow-600 hadow-md my-2 disabled:bg-gray-700"
  data-testid="button-loading"
  type="submit"
  viewbox="0 0 24 24"
>
  <div
    data-testid="loading-in-button"
    style="fill: #fff; height: 30px; width: 30px;"
  >
    <svg
      viewBox="0 0 32 32"
      xmlns="http://www.w3.org/2000/svg"
    >
      
  
      <path
        d="M16 0 A16 16 0 0 0 16 32 A16 16 0 0 0 16 0 M16 4 A12 12 0 0 1 16 28 A12 12 0 0 1 16 4"
        opacity=".25"
      />
      
  
      <path
        d="M16 0 A16 16 0 0 1 32 16 L28 16 A12 12 0 0 0 16 4z"
      >
        
    
        <animatetransform
          attributeName="transform"
          dur="0.8s"
          from="0 16 16"
          repeatCount="indefinite"
          to="360 16 16"
          type="rotate"
        />
        
  
      </path>
      

    </svg>
    

  </div>
</button>
`;
